Info: Start Nativelink Simulation process
Info: NativeLink has detected Verilog design -- Verilog simulation models will be used

========= EDA Simulation Settings =====================

Sim Mode              :  RTL
Family                :  cycloneiii
Quartus root          :  c:/users/rabia/desktop/org/quartus/bin64/
Quartus sim root      :  c:/users/rabia/desktop/org/quartus/eda/sim_lib
Simulation Tool       :  modelsim-altera
Simulation Language   :  verilog
Simulation Mode       :  GUI
Sim Output File       :  
Sim SDF file          :  
Sim dir               :  simulation\modelsim

=======================================================

Info: Starting NativeLink simulation with ModelSim-Altera software
Sourced NativeLink script c:/users/rabia/desktop/org/quartus/common/tcl/internal/nativelink/modelsim.tcl
Warning: File project02_run_msim_rtl_verilog.do already exists - backing up current file as project02_run_msim_rtl_verilog.do.bak11
Info: Spawning ModelSim-Altera Simulation software 
